<html>
<body>
<pre>
<h1>µVision Build Log</h1>
<h2>Project:</h2>
E:\Users\Cooper HDD\EE445L\ValvanoWareTM4C123\Lab 1\ST7735.uvproj
Project File Date:  09/09/2017

<h2>Output:</h2>
Rebuild target 'ST7735'
assembling startup.s...
compiling PLL.c...
compiling ST7735.c...
compiling ST7735TestMain.c...
ST7735TestMain.c(537): warning:  #177-D: variable "x" was declared but never referenced
    int x, y, dx, dy;
ST7735TestMain.c(537): warning:  #177-D: variable "y" was declared but never referenced
    int x, y, dx, dy;
ST7735TestMain.c(537): warning:  #177-D: variable "dx" was declared but never referenced
    int x, y, dx, dy;
ST7735TestMain.c(537): warning:  #177-D: variable "dy" was declared but never referenced
    int x, y, dx, dy;
ST7735TestMain.c: 4 warnings, 0 errors
compiling fixed.c...
linking...
Program Size: Code=2796 RO-data=2052 RW-data=44 ZI-data=1028  
".\ST7735.axf" - 0 Error(s), 4 Warning(s).
