<html>
<body>
<pre>
<h1>µVision Build Log</h1>
<h2>Project:</h2>
C:\Users\Cooper\Documents\GitHub\Lab1EE445L\Lab 1\ST7735.uvproj
Project File Date:  09/09/2017

<h2>Output:</h2>
Build target 'ST7735'
compiling fixed.c...
fixed.c(34): warning:  #223-D: function "abs" declared implicitly
                        test=abs(n%10);
fixed.c: 1 warning, 0 errors
linking...
Program Size: Code=2884 RO-data=2052 RW-data=44 ZI-data=1028  
".\ST7735.axf" - 0 Error(s), 1 Warning(s).
but never referenced
    int x, y, dx, dy;
ST7735TestMain.c(537): warning:  #177-D: variable "dx" was declared but never referenced
    int x, y, dx, dy;
ST7735TestMain.c(537): warning:  #177-D: variable "dy" was declared but never referenced
    int x, y, dx, dy;
ST7735TestMain.c: 4 warnings, 0 errors
compiling fixed.c...
fixed.c(34): warning:  #223-D: function "abs" declared implicitly
                        test=abs(n%10);
fixed.c: 1 warning, 0 errors
linking...
Program Size: Code=2876 RO-data=2052 RW-data=44 ZI-data=1028  
".\ST7735.axf" - 0 Error(s), 5 Warning(s).
  test=abs(n%10);
fixed.c: 1 warning, 0 errors
".\ST7735.axf" - 1 Error(s), 5 Warning(s).
Target not created
per\Documents\GitHub\Lab1EE445L\Lab 1\ST7735.axf'. Debugger aborted !
